bash -n init.sh: exit=0
bash -n gates/approve.sh: exit=0
bash -n gates/check-gate.sh: exit=0
bash -n gates/selftest.sh: exit=0

$ gates/selftest.sh (final)
ok: gate closed before approval
/Users/danny/Documents/Git/sdlc-kit/gates/approve.sh: line 28: .sdlc/approvals/feat-a.intent.approval: No such file or directory
exit=1

--- linux path sim (shasum hidden, sha256sum present) ---
APPROVED: intent of f (.sdlc/work/f/intent.md @ 73cb3858a687…)
Commit .sdlc/approvals/f.intent.approval with the artifact for the audit trail.
GATE OPEN: intent (danny @ 2026-08-28T10:06:14Z)
$ gates/selftest.sh (after mkdir fix)
ok: gate closed before approval
ok: gate open after approval
ok: tamper invalidates approval
ok: invalid stage name rejected
ok: bare-path artifact rejected
ok: corrupt record closed with message
SELFTEST PASS
exit=0
